[backblue.gif]
[fade.gif]
[index.html]
[luckyspin.aliansoftware.net/images/logo.png]
[luckyspin.aliansoftware.net/images/Dociment-Image.jpg]
[ajax.googleapis.com/ajax/libs/jquery/3.2.1/jquery.min.js]
[maxcdn.bootstrapcdn.com/bootstrap/3.3.7/js/bootstrap.min.js]
[luckyspin.aliansoftware.net/js/jQuery.luckywheel.min.js]
[luckyspin.aliansoftware.net/js/script.js]
[luckyspin.aliansoftware.net/js/jscolor.js]
[cdnjs.cloudflare.com/ajax/libs/gsap/latest/TweenMax.min.js]
[luckyspin.aliansoftware.net/js/setting.js]
[luckyspin.aliansoftware.net/chat.js]
[luckyspin.aliansoftware.net/index.html]
[luckyspin.aliansoftware.net/fonts/glyphicons-halflings-regular.eot]
[luckyspin.aliansoftware.net/fonts/glyphicons-halflings-regulard41d.eot]
[luckyspin.aliansoftware.net/fonts/glyphicons-halflings-regular.woff]
[luckyspin.aliansoftware.net/fonts/glyphicons-halflings-regular.ttf]
[luckyspin.aliansoftware.net/css/bootstrap.css]
[luckyspin.aliansoftware.net/fonts/Poppins-Regular.eot]
[luckyspin.aliansoftware.net/fonts/Poppins-Regular.ttf]
[luckyspin.aliansoftware.net/fonts/Poppins-Regular.woff]
[luckyspin.aliansoftware.net/fonts/Roboto-Bold.eot]
[luckyspin.aliansoftware.net/fonts/Roboto-Bold.ttf]
[luckyspin.aliansoftware.net/fonts/Roboto-Bold.woff]
[luckyspin.aliansoftware.net/fonts/Roboto-Regular.eot]
[luckyspin.aliansoftware.net/fonts/Roboto-Regular.ttf]
[luckyspin.aliansoftware.net/fonts/Roboto-Regular.woff]
[luckyspin.aliansoftware.net/fonts/Roboto-Medium.eot]
[luckyspin.aliansoftware.net/fonts/Roboto-Medium.ttf]
[luckyspin.aliansoftware.net/fonts/Roboto-Medium.woff]
[luckyspin.aliansoftware.net/fonts/Poppins-SemiBold.eot]
[luckyspin.aliansoftware.net/fonts/Poppins-SemiBold.ttf]
[luckyspin.aliansoftware.net/fonts/Poppins-SemiBold.woff]
[luckyspin.aliansoftware.net/images/down-arrow.png]
[luckyspin.aliansoftware.net/images/cross_icon.png]
[luckyspin.aliansoftware.net/fonts/worksans-light.eot]
[luckyspin.aliansoftware.net/fonts/worksans-light.woff]
[luckyspin.aliansoftware.net/fonts/worksans-light.ttf]
[luckyspin.aliansoftware.net/fonts/worksans-lightd41d.eot]
[luckyspin.aliansoftware.net/images/spin_pin.png]
[luckyspin.aliansoftware.net/css/luckySpin.min.css]
[yourdomain.com/js/script.js]
[luckyspin.aliansoftware.net/document/images/wheelimage.png]
[luckyspin.aliansoftware.net/document/images/customize_wheel.png]
[luckyspin.aliansoftware.net/document/images/customize_colors.png]
[luckyspin.aliansoftware.net/document/images/customize_segments.png]
[luckyspin.aliansoftware.net/document/images/customize_enable_disable.png]
[luckyspin.aliansoftware.net/document/images/customize_trigger.png]
[luckyspin.aliansoftware.net/document/rainbow-custom.min.js]
[luckyspin.aliansoftware.net/document/luckyspindoc.html]
[luckyspin.aliansoftware.net/fonts/glyphicons-halflings-regular.svg]
[luckyspin.aliansoftware.net/fonts/Poppins-Regular.svg]
[luckyspin.aliansoftware.net/fonts/Roboto-Bold.eot]
[luckyspin.aliansoftware.net/fonts/Roboto-Bold.svg]
[luckyspin.aliansoftware.net/fonts/Roboto-Regular.svg]
[luckyspin.aliansoftware.net/fonts/Roboto-Medium.svg]
[luckyspin.aliansoftware.net/fonts/Poppins-SemiBold.svg]
[luckyspin.aliansoftware.net/css/Images/del_icon.html]
[luckyspin.aliansoftware.net/fonts/worksans-light.svg]
[luckyspin.aliansoftware.net/css/Images/sprite-green.html]
[luckyspin.aliansoftware.net/document/rainbow.css]
[yourdomain.com/css/luckySpin.min.html]
[yourdomain.com/css/bootstrap.html]
