[kirichik.com/rhythm/mp-index.html]
[backblue.gif]
[fade.gif]
[index.html]
[kirichik.com/rhythm/images/favicon.png]
[kirichik.com/rhythm/css/bootstrap.min.css]
[kirichik.com/rhythm/css/style.css]
[kirichik.com/rhythm/css/style-responsive.css]
[kirichik.com/rhythm/css/animate.min.css]
[kirichik.com/rhythm/css/vertical-rhythm.min.css]
[kirichik.com/rhythm/css/owl.carousel.css]
[kirichik.com/rhythm/css/magnific-popup.css]
[kirichik.com/rhythm/images/logo-white.png]
[kirichik.com/rhythm/mp-index-01.html]
[kirichik.com/rhythm/mp-index-02.html]
[kirichik.com/rhythm/mp-index-03.html]
[kirichik.com/rhythm/mp-index-04.html]
[kirichik.com/rhythm/mp-index-06.html]
[kirichik.com/rhythm/mp-index-12.html]
[kirichik.com/rhythm/mp-index-05.html]
[kirichik.com/rhythm/mp-index-07.html]
[kirichik.com/rhythm/mp-index-08.html]
[kirichik.com/rhythm/mp-index-09.html]
[kirichik.com/rhythm/mp-index-10.html]
[kirichik.com/rhythm/mp-index-17.html]
[kirichik.com/rhythm/mp-index-18.html]
[kirichik.com/rhythm/mp-index-20.html]
[kirichik.com/rhythm/mp-index-11.html]
[kirichik.com/rhythm/mp-index-13.html]
[kirichik.com/rhythm/mp-index-14.html]
[kirichik.com/rhythm/mp-index-15.html]
[kirichik.com/rhythm/mp-index-19.html]
[kirichik.com/rhythm/mp-index-16.html]
[kirichik.com/rhythm/intro.html]
[kirichik.com/rhythm/index.html]
[kirichik.com/rhythm/index-01.html]
[kirichik.com/rhythm/index-02.html]
[kirichik.com/rhythm/index-03.html]
[kirichik.com/rhythm/index-04.html]
[kirichik.com/rhythm/index-12.html]
[kirichik.com/rhythm/index-06.html]
[kirichik.com/rhythm/index-05.html]
[kirichik.com/rhythm/index-07.html]
[kirichik.com/rhythm/index-08.html]
[kirichik.com/rhythm/index-09.html]
[kirichik.com/rhythm/index-10.html]
[kirichik.com/rhythm/index-17.html]
[kirichik.com/rhythm/index-18.html]
[kirichik.com/rhythm/index-20.html]
[kirichik.com/rhythm/index-11.html]
[kirichik.com/rhythm/index-13.html]
[kirichik.com/rhythm/index-14.html]
[kirichik.com/rhythm/index-15.html]
[kirichik.com/rhythm/index-19.html]
[kirichik.com/rhythm/index-16.html]
[kirichik.com/rhythm/pages-about-1.html]
[kirichik.com/rhythm/pages-about-2.html]
[kirichik.com/rhythm/pages-about-3.html]
[kirichik.com/rhythm/pages-services-1.html]
[kirichik.com/rhythm/pages-services-2.html]
[kirichik.com/rhythm/pages-services-3.html]
[kirichik.com/rhythm/pages-clients.html]
[kirichik.com/rhythm/pages-landing.html]
[kirichik.com/rhythm/pages-team-1.html]
[kirichik.com/rhythm/pages-team-2.html]
[kirichik.com/rhythm/pages-faq-1.html]
[kirichik.com/rhythm/pages-faq-2.html]
[kirichik.com/rhythm/pages-pricing-1.html]
[kirichik.com/rhythm/pages-pricing-2.html]
[kirichik.com/rhythm/pages-contact-1.html]
[kirichik.com/rhythm/pages-contact-2.html]
[kirichik.com/rhythm/pages-gallery-1col.html]
[kirichik.com/rhythm/pages-gallery-2col.html]
[kirichik.com/rhythm/pages-gallery-3col.html]
[kirichik.com/rhythm/pages-gallery-4col.html]
[kirichik.com/rhythm/pages-gallery-6col.html]
[kirichik.com/rhythm/pages-account.html]
[kirichik.com/rhythm/pages-under-construction.html]
[kirichik.com/rhythm/pages-404.html]
[kirichik.com/rhythm/elements-accordions.html]
[kirichik.com/rhythm/elements-bars.html]
[kirichik.com/rhythm/elements-buttons.html]
[kirichik.com/rhythm/elements-features.html]
[kirichik.com/rhythm/elements-forms.html]
[kirichik.com/rhythm/elements-grid.html]
[kirichik.com/rhythm/elements-icons-et.html]
[kirichik.com/rhythm/elements-icons-fe.html]
[kirichik.com/rhythm/elements-messages.html]
[kirichik.com/rhythm/elements-page-titles.html]
[kirichik.com/rhythm/elements-sliders.html]
[kirichik.com/rhythm/elements-tabs.html]
[kirichik.com/rhythm/elements-typography.html]
[kirichik.com/rhythm/elements-video-sound.html]
[kirichik.com/rhythm/elements-header-dark.html]
[kirichik.com/rhythm/elements-header-dark-transparent.html]
[kirichik.com/rhythm/elements-header-white.html]
[kirichik.com/rhythm/elements-header-white-transparent.html]
[kirichik.com/rhythm/portfolio-boxed-2col.html]
[kirichik.com/rhythm/portfolio-boxed-3col.html]
[kirichik.com/rhythm/portfolio-boxed-4col.html]
[kirichik.com/rhythm/portfolio-boxed-5col.html]
[kirichik.com/rhythm/portfolio-boxed-blackhover.html]
[kirichik.com/rhythm/portfolio-boxed-gutter-2col.html]
[kirichik.com/rhythm/portfolio-boxed-gutter-3col.html]
[kirichik.com/rhythm/portfolio-boxed-gutter-4col.html]
[kirichik.com/rhythm/portfolio-boxed-gutter-5col.html]
[kirichik.com/rhythm/portfolio-boxed-gutter-blackhover.html]
[kirichik.com/rhythm/portfolio-boxed-titles-2col.html]
[kirichik.com/rhythm/portfolio-boxed-titles-3col.html]
[kirichik.com/rhythm/portfolio-boxed-titles-4col.html]
[kirichik.com/rhythm/portfolio-boxed-titles-5col.html]
[kirichik.com/rhythm/portfolio-boxed-titles-blackhover.html]
[kirichik.com/rhythm/portfolio-wide-2col.html]
[kirichik.com/rhythm/portfolio-wide-3col.html]
[kirichik.com/rhythm/portfolio-wide-4col.html]
[kirichik.com/rhythm/portfolio-wide-5col.html]
[kirichik.com/rhythm/portfolio-wide-blackhover.html]
[kirichik.com/rhythm/portfolio-wide-gutter-2col.html]
[kirichik.com/rhythm/portfolio-wide-gutter-3col.html]
[kirichik.com/rhythm/portfolio-wide-gutter-4col.html]
[kirichik.com/rhythm/portfolio-wide-gutter-5col.html]
[kirichik.com/rhythm/portfolio-wide-gutter-blackhover.html]
[kirichik.com/rhythm/portfolio-wide-titles-2col.html]
[kirichik.com/rhythm/portfolio-wide-titles-3col.html]
[kirichik.com/rhythm/portfolio-wide-titles-4col.html]
[kirichik.com/rhythm/portfolio-wide-titles-5col.html]
[kirichik.com/rhythm/portfolio-wide-titles-blackhover.html]
[kirichik.com/rhythm/portfolio-masonry-2col.html]
[kirichik.com/rhythm/portfolio-masonry-3col.html]
[kirichik.com/rhythm/portfolio-masonry-4col.html]
[kirichik.com/rhythm/portfolio-masonry-5col.html]
[kirichik.com/rhythm/portfolio-masonry-blackhover.html]
[kirichik.com/rhythm/portfolio-single-1.html]
[kirichik.com/rhythm/portfolio-single-2.html]
[kirichik.com/rhythm/portfolio-single-3.html]
[kirichik.com/rhythm/portfolio-single-4.html]
[kirichik.com/rhythm/portfolio-single-5.html]
[kirichik.com/rhythm/portfolio-parallax.html]
[kirichik.com/rhythm/portfolio-promo.html]
[kirichik.com/rhythm/blog-classic-sidebar-left.html]
[kirichik.com/rhythm/blog-classic-sidebar-right.html]
[kirichik.com/rhythm/blog-classic-fullwidth.html]
[kirichik.com/rhythm/blog-columns-2col.html]
[kirichik.com/rhythm/blog-columns-3col.html]
[kirichik.com/rhythm/blog-columns-4col.html]
[kirichik.com/rhythm/blog-masonry-2col.html]
[kirichik.com/rhythm/blog-masonry-3col.html]
[kirichik.com/rhythm/blog-masonry-4col.html]
[kirichik.com/rhythm/blog-single-sidebar-left.html]
[kirichik.com/rhythm/blog-single-sidebar-right.html]
[kirichik.com/rhythm/blog-single-fullwidth.html]
[kirichik.com/rhythm/shop-columns-2col.html]
[kirichik.com/rhythm/shop-columns-3col.html]
[kirichik.com/rhythm/shop-columns-4col.html]
[kirichik.com/rhythm/shop-single.html]
[kirichik.com/rhythm/shop-cart.html]
[kirichik.com/rhythm/images/full-width-images/section-bg-2.jpg]
[kirichik.com/rhythm/images/promo-1.png]
[kirichik.com/rhythm/images/portfolio/projects-13.jpg]
[kirichik.com/rhythm/images/portfolio/projects-14.jpg]
[kirichik.com/rhythm/images/portfolio/projects-6.jpg]
[kirichik.com/rhythm/images/full-width-images/section-bg-3.jpg]
[kirichik.com/rhythm/images/shop/shop-prev-1.jpg]
[kirichik.com/rhythm/images/shop/shop-prev-2.jpg]
[kirichik.com/rhythm/images/shop/shop-prev-3.jpg]
[kirichik.com/rhythm/images/shop/shop-prev-4.jpg]
[kirichik.com/rhythm/images/promo-3.png]
[kirichik.com/rhythm/images/portfolio/full-project-2.jpg]
[kirichik.com/rhythm/images/promo-4.png]
[kirichik.com/rhythm/images/portfolio/full-project-4.jpg]
[kirichik.com/rhythm/images/full-width-images/section-bg-16.jpg]
[kirichik.com/rhythm/images/blog/post-prev-1.jpg]
[kirichik.com/rhythm/images/blog/post-prev-2.jpg]
[kirichik.com/rhythm/images/blog/post-prev-3.jpg]
[kirichik.com/rhythm/images/logo-footer.png]
[kirichik.com/rhythm/js/jquery.easing.1.3.js]
[kirichik.com/rhythm/js/bootstrap.min.js]
[kirichik.com/rhythm/js/SmoothScroll.js]
[kirichik.com/rhythm/js/jquery.scrollTo.min.js]
[kirichik.com/rhythm/js/jquery.localScroll.min.js]
[kirichik.com/rhythm/js/jquery-1.11.2.min.js]
[kirichik.com/rhythm/js/jquery.viewport.mini.js]
[kirichik.com/rhythm/js/jquery.countTo.js]
[kirichik.com/rhythm/js/jquery.appear.js]
[kirichik.com/rhythm/js/jquery.sticky.js]
[kirichik.com/rhythm/js/jquery.parallax-1.1.3.js]
[kirichik.com/rhythm/js/jquery.fitvids.js]
[kirichik.com/rhythm/js/owl.carousel.min.js]
[kirichik.com/rhythm/js/imagesloaded.pkgd.min.js]
[kirichik.com/rhythm/js/isotope.pkgd.min.js]
[kirichik.com/rhythm/js/jquery.magnific-popup.min.js]
[kirichik.com/rhythm/js/wow.min.js]
[kirichik.com/rhythm/js/gmap3.min.js]
[kirichik.com/rhythm/js/jquery.simple-text-rotator.min.js]
[kirichik.com/rhythm/js/masonry.pkgd.min.js]
[kirichik.com/rhythm/js/contact-form.js]
[kirichik.com/rhythm/mp-index.html]
[kirichik.com/rhythm/css/bootstrap.min.css]
[kirichik.com/rhythm/js/all.js]
[kirichik.com/rhythm/js/jquery.ajaxchimp.min.js]
[kirichik.com/rhythm/css/font-awesome.min.css]
[kirichik.com/rhythm/css/et-line.css]
[kirichik.com/rhythm/images/loader.gif]
[kirichik.com/rhythm/images/pattern-bg-2.png]
[kirichik.com/rhythm/css/style.css]
[kirichik.com/rhythm/css/style-responsive.css]
[kirichik.com/rhythm/css/animate.min.css]
[kirichik.com/rhythm/css/vertical-rhythm.min.css]
[kirichik.com/rhythm/css/grabbing.png]
[kirichik.com/rhythm/css/owl.carousel.css]
[kirichik.com/rhythm/css/magnific-popup.css]
[kirichik.com/rhythm/mp-index-01.html]
[kirichik.com/rhythm/images/logo-dark.png]
[kirichik.com/rhythm/mp-index-02.html]
[kirichik.com/rhythm/mp-index-03.html]
[kirichik.com/rhythm/mp-index-04.html]
[kirichik.com/rhythm/mp-index-06.html]
[kirichik.com/rhythm/mp-index-12.html]
[kirichik.com/rhythm/mp-index-05.html]
[kirichik.com/rhythm/images/full-width-images/section-bg-6.jpg]
[kirichik.com/rhythm/images/full-width-images/section-bg-10.jpg]
[kirichik.com/rhythm/images/full-width-images/section-bg-9.jpg]
[kirichik.com/rhythm/mp-index-07.html]
[kirichik.com/rhythm/mp-index-08.html]
[kirichik.com/rhythm/images/full-width-images/section-bg-4.jpg]
[kirichik.com/rhythm/images/full-width-images/section-bg-12.jpg]
[kirichik.com/rhythm/mp-index-09.html]
[kirichik.com/rhythm/images/full-width-images/section-bg-14.jpg]
[kirichik.com/rhythm/images/full-width-images/section-bg-11.jpg]
[kirichik.com/rhythm/mp-index-10.html]
[kirichik.com/rhythm/css/rev-slider.css]
[kirichik.com/rhythm/rs-plugin/css/settings.css]
[kirichik.com/rhythm/images/full-width-images/section-bg-17.jpg]
[kirichik.com/rhythm/images/full-width-images/section-bg-19.jpg]
[kirichik.com/rhythm/images/full-width-images/section-bg-20.jpg]
[kirichik.com/rhythm/images/full-width-images/section-bg-18.jpg]
[kirichik.com/rhythm/rs-plugin/js/jquery.themepunch.tools.min.js]
[kirichik.com/rhythm/js/rev-slider.js]
[kirichik.com/rhythm/mp-index-17.html]
[kirichik.com/rhythm/mp-index-18.html]
[kirichik.com/rhythm/mp-index-20.html]
[kirichik.com/rhythm/mp-index-11.html]
[kirichik.com/rhythm/css/YTPlayer.css]
[kirichik.com/rhythm/rs-plugin/js/jquery.themepunch.revolution.min.js]
[kirichik.com/rhythm/mp-index-13.html]
[kirichik.com/rhythm/mp-index-14.html]
[kirichik.com/rhythm/mp-index-15.html]
[kirichik.com/rhythm/js/jquery.backgroundvideo.min.js]
[kirichik.com/rhythm/mp-index-19.html]
[kirichik.com/rhythm/js/jquery.mb.YTPlayer.js]
[kirichik.com/rhythm/images/portfolio/full-project-1.jpg]
[kirichik.com/rhythm/images/portfolio/projects-1.jpg]
[kirichik.com/rhythm/images/portfolio/projects-2.jpg]
[kirichik.com/rhythm/images/portfolio/projects-3.jpg]
[kirichik.com/rhythm/images/portfolio/projects-4.jpg]
[kirichik.com/rhythm/images/portfolio/projects-5.jpg]
[kirichik.com/rhythm/images/portfolio/full-project-3.jpg]
[kirichik.com/rhythm/mp-index-16.html]
[kirichik.com/rhythm/images/intro/intro-0.jpg]
[kirichik.com/rhythm/images/intro/intro-12.jpg]
[kirichik.com/rhythm/images/intro/intro-13.jpg]
[kirichik.com/rhythm/images/intro/intro-8.jpg]
[kirichik.com/rhythm/images/intro/intro-9.jpg]
[kirichik.com/rhythm/images/intro/intro-10.jpg]
[kirichik.com/rhythm/images/intro/intro-11.jpg]
[kirichik.com/rhythm/images/intro/intro-20.jpg]
[kirichik.com/rhythm/images/intro/intro-14.jpg]
[kirichik.com/rhythm/images/intro/intro-1.jpg]
[kirichik.com/rhythm/images/intro/intro-2.jpg]
[kirichik.com/rhythm/images/intro/intro-3.jpg]
[kirichik.com/rhythm/images/intro/intro-4.jpg]
[kirichik.com/rhythm/images/intro/intro-5.jpg]
[kirichik.com/rhythm/images/intro/intro-6.jpg]
[kirichik.com/rhythm/images/intro/intro-7.jpg]
[kirichik.com/rhythm/images/intro/intro-15.jpg]
[kirichik.com/rhythm/images/intro/intro-16.jpg]
[kirichik.com/rhythm/images/intro/intro-17.jpg]
[kirichik.com/rhythm/images/intro/intro-19.jpg]
[kirichik.com/rhythm/images/intro/intro-18.jpg]
[kirichik.com/rhythm/special-product-designer.html]
[kirichik.com/rhythm/images/intro/intro-40.jpg]
[kirichik.com/rhythm/special-cv-resume.html]
[kirichik.com/rhythm/images/intro/intro-39.jpg]
[kirichik.com/rhythm/special-barbershop.html]
[kirichik.com/rhythm/images/intro/intro-38.jpg]
[kirichik.com/rhythm/images/intro/intro-37.jpg]
[kirichik.com/rhythm/special-fashion.html]
[kirichik.com/rhythm/images/intro/intro-35.jpg]
[kirichik.com/rhythm/special-finance-1.html]
[kirichik.com/rhythm/special-finance-2.html]
[kirichik.com/rhythm/images/intro/intro-36.jpg]
[kirichik.com/rhythm/special-restaurant-2.html]
[kirichik.com/rhythm/images/intro/intro-34.jpg]
[kirichik.com/rhythm/images/intro/intro-33.jpg]
[kirichik.com/rhythm/special-restaurant-1.html]
[kirichik.com/rhythm/special-coming-soon-1.html]
[kirichik.com/rhythm/images/intro/intro-31.jpg]
[kirichik.com/rhythm/special-coming-soon-2.html]
[kirichik.com/rhythm/images/intro/intro-32.jpg]
[kirichik.com/rhythm/special-construction-1.html]
[kirichik.com/rhythm/images/intro/intro-28.jpg]
[kirichik.com/rhythm/special-construction-2.html]
[kirichik.com/rhythm/images/intro/intro-29.jpg]
[kirichik.com/rhythm/images/intro/intro-30.jpg]
[kirichik.com/rhythm/special-construction-3.html]
[kirichik.com/rhythm/special-photographer-2.html]
[kirichik.com/rhythm/images/intro/intro-26.jpg]
[kirichik.com/rhythm/special-photographer-3.html]
[kirichik.com/rhythm/images/intro/intro-27.jpg]
[kirichik.com/rhythm/special-photographer-1.html]
[kirichik.com/rhythm/images/intro/intro-25.jpg]
[kirichik.com/rhythm/special-landing-1.html]
[kirichik.com/rhythm/images/intro/intro-23.jpg]
[kirichik.com/rhythm/images/intro/intro-24.jpg]
[kirichik.com/rhythm/special-landing-2.html]
[kirichik.com/rhythm/special-magazine-1.html]
[kirichik.com/rhythm/images/intro/intro-21.jpg]
[kirichik.com/rhythm/images/intro/intro-22.jpg]
[kirichik.com/rhythm/intro.html]
[kirichik.com/rhythm/special-magazine-2.html]
[kirichik.com/rhythm/images/team/team-1.jpg]
[kirichik.com/rhythm/images/team/team-2.jpg]
[kirichik.com/rhythm/images/team/team-3.jpg]
[kirichik.com/rhythm/index.html]
[kirichik.com/rhythm/index-01.html]
[kirichik.com/rhythm/index-02.html]
[kirichik.com/rhythm/index-03.html]
[kirichik.com/rhythm/index-04.html]
[kirichik.com/rhythm/index-06.html]
[kirichik.com/rhythm/index-12.html]
[kirichik.com/rhythm/index-05.html]
[kirichik.com/rhythm/index-07.html]
[kirichik.com/rhythm/index-08.html]
[kirichik.com/rhythm/index-09.html]
[kirichik.com/rhythm/index-10.html]
[kirichik.com/rhythm/index-17.html]
[kirichik.com/rhythm/index-18.html]
[kirichik.com/rhythm/index-20.html]
[kirichik.com/rhythm/index-11.html]
[kirichik.com/rhythm/index-13.html]
[kirichik.com/rhythm/index-14.html]
[kirichik.com/rhythm/index-15.html]
[kirichik.com/rhythm/index-19.html]
[kirichik.com/rhythm/index-16.html]
[kirichik.com/rhythm/images/clients-logos/client-1.png]
[kirichik.com/rhythm/images/clients-logos/client-2.png]
[kirichik.com/rhythm/images/clients-logos/client-3.png]
[kirichik.com/rhythm/images/clients-logos/client-4.png]
[kirichik.com/rhythm/images/clients-logos/client-5.png]
[kirichik.com/rhythm/images/clients-logos/client-6.png]
[kirichik.com/rhythm/pages-about-1.html]
[kirichik.com/rhythm/images/team/team-4.jpg]
[kirichik.com/rhythm/pages-about-2.html]
[kirichik.com/rhythm/pages-about-3.html]
[kirichik.com/rhythm/images/full-width-images/section-bg-21.jpg]
[kirichik.com/rhythm/pages-services-1.html]
[kirichik.com/rhythm/images/full-width-images/section-bg-15.jpg]
[kirichik.com/rhythm/pages-services-2.html]
[kirichik.com/rhythm/pages-services-3.html]
[kirichik.com/rhythm/images/clients-logos/with-bg/client-1.jpg]
[kirichik.com/rhythm/images/clients-logos/with-bg/client-2.jpg]
[kirichik.com/rhythm/images/clients-logos/with-bg/client-3.jpg]
[kirichik.com/rhythm/images/clients-logos/with-bg/client-4.jpg]
[kirichik.com/rhythm/images/clients-logos/with-bg/client-5.jpg]
[kirichik.com/rhythm/images/clients-logos/with-bg/client-6.jpg]
[kirichik.com/rhythm/pages-clients.html]
[kirichik.com/rhythm/images/full-width-images/section-bg-23.jpg]
[kirichik.com/rhythm/images/promo-2.png]
[kirichik.com/rhythm/pages-landing.html]
[kirichik.com/rhythm/images/full-width-images/section-bg-5.jpg]
[kirichik.com/rhythm/pages-team-1.html]
[kirichik.com/rhythm/pages-team-2.html]
[kirichik.com/rhythm/pages-faq-1.html]
[kirichik.com/rhythm/pages-faq-2.html]
[kirichik.com/rhythm/pages-pricing-1.html]
[kirichik.com/rhythm/pages-pricing-2.html]
[kirichik.com/rhythm/images/full-width-images/section-bg-25.jpg]
[kirichik.com/rhythm/pages-contact-1.html]
[kirichik.com/rhythm/pages-contact-2.html]
[kirichik.com/rhythm/images/portfolio/full-project-5.jpg]
[kirichik.com/rhythm/images/portfolio/full-project-6.jpg]
[kirichik.com/rhythm/pages-gallery-1col.html]
[kirichik.com/rhythm/images/portfolio/projects-7.jpg]
[kirichik.com/rhythm/images/portfolio/projects-8.jpg]
[kirichik.com/rhythm/pages-gallery-2col.html]
[kirichik.com/rhythm/images/portfolio/projects-9.jpg]
[kirichik.com/rhythm/images/portfolio/projects-10.jpg]
[kirichik.com/rhythm/images/portfolio/projects-11.jpg]
[kirichik.com/rhythm/images/portfolio/projects-12.jpg]
[kirichik.com/rhythm/pages-gallery-3col.html]
[kirichik.com/rhythm/images/portfolio/projects-15.jpg]
[kirichik.com/rhythm/pages-gallery-4col.html]
[kirichik.com/rhythm/pages-gallery-6col.html]
[kirichik.com/rhythm/pages-account.html]
[kirichik.com/rhythm/pages-under-construction.html]
[kirichik.com/rhythm/pages-404.html]
[kirichik.com/rhythm/elements-accordions.html]
[kirichik.com/rhythm/elements-bars.html]
[kirichik.com/rhythm/elements-buttons.html]
[kirichik.com/rhythm/elements-features.html]
[kirichik.com/rhythm/elements-forms.html]
[kirichik.com/rhythm/elements-grid.html]
[kirichik.com/rhythm/elements-icons-et.html]
[kirichik.com/rhythm/elements-icons-fe.html]
[kirichik.com/rhythm/elements-messages.html]
[kirichik.com/rhythm/elements-page-titles.html]
[kirichik.com/rhythm/elements-sliders.html]
[kirichik.com/rhythm/elements-tabs.html]
[kirichik.com/rhythm/elements-typography.html]
[kirichik.com/rhythm/elements-video-sound.html]
[kirichik.com/rhythm/elements-header-dark.html]
[kirichik.com/rhythm/elements-header-dark-transparent.html]
[kirichik.com/rhythm/elements-header-white.html]
[kirichik.com/rhythm/elements-header-white-transparent.html]
[kirichik.com/rhythm/portfolio-boxed-2col.html]
[kirichik.com/rhythm/portfolio-boxed-3col.html]
[kirichik.com/rhythm/portfolio-boxed-4col.html]
[kirichik.com/rhythm/portfolio-boxed-5col.html]
[kirichik.com/rhythm/portfolio-boxed-blackhover.html]
[kirichik.com/rhythm/portfolio-boxed-gutter-2col.html]
[kirichik.com/rhythm/portfolio-boxed-gutter-3col.html]
[kirichik.com/rhythm/portfolio-boxed-gutter-4col.html]
[kirichik.com/rhythm/portfolio-boxed-gutter-5col.html]
[kirichik.com/rhythm/portfolio-boxed-gutter-blackhover.html]
[kirichik.com/rhythm/portfolio-boxed-titles-2col.html]
[kirichik.com/rhythm/portfolio-boxed-titles-3col.html]
[kirichik.com/rhythm/portfolio-boxed-titles-4col.html]
[kirichik.com/rhythm/portfolio-boxed-titles-5col.html]
[kirichik.com/rhythm/portfolio-boxed-titles-blackhover.html]
[kirichik.com/rhythm/portfolio-wide-2col.html]
[kirichik.com/rhythm/portfolio-wide-3col.html]
[kirichik.com/rhythm/portfolio-wide-4col.html]
[kirichik.com/rhythm/portfolio-wide-5col.html]
[kirichik.com/rhythm/portfolio-wide-blackhover.html]
[kirichik.com/rhythm/portfolio-wide-gutter-2col.html]
[kirichik.com/rhythm/portfolio-wide-gutter-3col.html]
[kirichik.com/rhythm/portfolio-wide-gutter-4col.html]
[kirichik.com/rhythm/portfolio-wide-gutter-5col.html]
[kirichik.com/rhythm/portfolio-wide-gutter-blackhover.html]
[kirichik.com/rhythm/portfolio-wide-titles-2col.html]
[kirichik.com/rhythm/portfolio-wide-titles-3col.html]
[kirichik.com/rhythm/portfolio-wide-titles-4col.html]
[kirichik.com/rhythm/portfolio-wide-titles-5col.html]
[kirichik.com/rhythm/portfolio-wide-titles-blackhover.html]
[kirichik.com/rhythm/images/portfolio/masonry/projects-2.jpg]
[kirichik.com/rhythm/images/portfolio/masonry/projects-7.jpg]
[kirichik.com/rhythm/portfolio-masonry-2col.html]
[kirichik.com/rhythm/images/portfolio/masonry/projects-6.jpg]
[kirichik.com/rhythm/portfolio-masonry-3col.html]
[kirichik.com/rhythm/portfolio-masonry-4col.html]
[kirichik.com/rhythm/portfolio-masonry-5col.html]
[kirichik.com/rhythm/portfolio-masonry-blackhover.html]
[kirichik.com/rhythm/images/full-width-images/section-bg-22.jpg]
[kirichik.com/rhythm/portfolio-single-1.html]
[kirichik.com/rhythm/portfolio-single-2.html]
[kirichik.com/rhythm/portfolio-single-3.html]
[kirichik.com/rhythm/portfolio-single-4.html]
[kirichik.com/rhythm/portfolio-single-5.html]
[kirichik.com/rhythm/images/full-width-images/section-bg-7.jpg]
[kirichik.com/rhythm/portfolio-parallax.html]
[kirichik.com/rhythm/images/full-width-images/section-bg-8.jpg]
[kirichik.com/rhythm/portfolio-promo.html]
[kirichik.com/rhythm/images/blog/previews/post-prev-1.jpg]
[kirichik.com/rhythm/images/blog/previews/post-prev-2.jpg]
[kirichik.com/rhythm/images/blog/previews/post-prev-3.jpg]
[kirichik.com/rhythm/images/blog/previews/post-prev-4.jpg]
[kirichik.com/rhythm/images/blog/previews/post-prev-5.jpg]
[kirichik.com/rhythm/images/user-avatar.png]
[kirichik.com/rhythm/blog-classic-sidebar-left.html]
[kirichik.com/rhythm/blog-classic-sidebar-right.html]
[kirichik.com/rhythm/blog-classic-fullwidth.html]
[kirichik.com/rhythm/images/blog/post-prev-4.jpg]
[kirichik.com/rhythm/images/blog/post-prev-5.jpg]
[kirichik.com/rhythm/images/blog/post-prev-6.jpg]
[kirichik.com/rhythm/images/blog/post-prev-7.jpg]
[kirichik.com/rhythm/images/blog/post-prev-8.jpg]
[kirichik.com/rhythm/images/blog/post-prev-9.jpg]
[kirichik.com/rhythm/images/blog/post-prev-10.jpg]
[kirichik.com/rhythm/images/blog/post-prev-11.jpg]
[kirichik.com/rhythm/images/blog/post-prev-12.jpg]
[kirichik.com/rhythm/blog-columns-2col.html]
[kirichik.com/rhythm/blog-columns-3col.html]
[kirichik.com/rhythm/blog-columns-4col.html]
[kirichik.com/rhythm/images/blog/masonry/post-prev-2.jpg]
[kirichik.com/rhythm/images/blog/masonry/post-prev-3.jpg]
[kirichik.com/rhythm/images/blog/masonry/post-prev-4.jpg]
[kirichik.com/rhythm/images/blog/masonry/post-prev-5.jpg]
[kirichik.com/rhythm/images/blog/masonry/post-prev-6.jpg]
[kirichik.com/rhythm/images/blog/masonry/post-prev-7.jpg]
[kirichik.com/rhythm/images/blog/masonry/post-prev-8.jpg]
[kirichik.com/rhythm/images/blog/masonry/post-prev-9.jpg]
[kirichik.com/rhythm/images/blog/masonry/post-prev-10.jpg]
[kirichik.com/rhythm/images/blog/masonry/post-prev-11.jpg]
[kirichik.com/rhythm/blog-masonry-2col.html]
[kirichik.com/rhythm/images/blog/masonry/post-prev-1.jpg]
[kirichik.com/rhythm/blog-masonry-3col.html]
[kirichik.com/rhythm/blog-masonry-4col.html]
[kirichik.com/rhythm/blog-single-sidebar-left.html]
[kirichik.com/rhythm/blog-single-sidebar-right.html]
[kirichik.com/rhythm/blog-single-fullwidth.html]
[kirichik.com/rhythm/images/shop/shop-prev-5.jpg]
[kirichik.com/rhythm/images/shop/shop-prev-6.jpg]
[kirichik.com/rhythm/images/shop/shop-prev-7.jpg]
[kirichik.com/rhythm/images/shop/shop-prev-8.jpg]
[kirichik.com/rhythm/images/shop/previews/shop-prev-5.jpg]
[kirichik.com/rhythm/images/shop/previews/shop-prev-4.jpg]
[kirichik.com/rhythm/images/shop/previews/shop-prev-1.jpg]
[kirichik.com/rhythm/images/shop/previews/shop-prev-2.jpg]
[kirichik.com/rhythm/images/shop/previews/shop-prev-3.jpg]
[kirichik.com/rhythm/shop-columns-2col.html]
[kirichik.com/rhythm/images/shop/shop-prev-9.jpg]
[kirichik.com/rhythm/shop-columns-3col.html]
[kirichik.com/rhythm/images/shop/shop-prev-10.jpg]
[kirichik.com/rhythm/images/shop/shop-prev-11.jpg]
[kirichik.com/rhythm/images/shop/shop-prev-12.jpg]
[kirichik.com/rhythm/shop-columns-4col.html]
[kirichik.com/rhythm/shop-single.html]
[kirichik.com/rhythm/shop-cart.html]
[kirichik.com/rhythm/fonts/fontawesome-webfont78ce.eot]
[kirichik.com/rhythm/fonts/fontawesome-webfontd41d.eot]
[kirichik.com/rhythm/fonts/fontawesome-webfont78ce.woff]
[kirichik.com/rhythm/fonts/fontawesome-webfont78ce.ttf]
[kirichik.com/rhythm/css/font-awesome.min.css]
[kirichik.com/rhythm/fonts/et-line.eot]
[kirichik.com/rhythm/fonts/et-line.woff]
[kirichik.com/rhythm/fonts/et-lined41d.eot]
[kirichik.com/rhythm/fonts/et-line.ttf]
[kirichik.com/rhythm/css/et-line.css]
[kirichik.com/rhythm/css/rev-slider.css]
[kirichik.com/rhythm/rs-plugin/images/gradient/g30.png]
[kirichik.com/rhythm/rs-plugin/images/gradient/g40.png]
[kirichik.com/rhythm/rs-plugin/assets/shadow1.png]
[kirichik.com/rhythm/rs-plugin/assets/shadow2.png]
[kirichik.com/rhythm/rs-plugin/assets/shadow3.png]
[kirichik.com/rhythm/rs-plugin/assets/gridtile.png]
[kirichik.com/rhythm/rs-plugin/assets/gridtile_white.png]
[kirichik.com/rhythm/rs-plugin/assets/gridtile_3x3.png]
[kirichik.com/rhythm/rs-plugin/assets/gridtile_3x3_white.png]
[kirichik.com/rhythm/rs-plugin/assets/boxed_bgtile.png]
[kirichik.com/rhythm/rs-plugin/assets/navigdots_bgtile.png]
[kirichik.com/rhythm/rs-plugin/assets/bullet.png]
[kirichik.com/rhythm/rs-plugin/assets/bullets.png]
[kirichik.com/rhythm/rs-plugin/assets/bullets2.png]
[kirichik.com/rhythm/rs-plugin/assets/bullet_boxed.png]
[kirichik.com/rhythm/rs-plugin/assets/navigdots.png]
[kirichik.com/rhythm/rs-plugin/assets/large_left.png]
[kirichik.com/rhythm/rs-plugin/assets/large_right.png]
[kirichik.com/rhythm/rs-plugin/assets/small_left.png]
[kirichik.com/rhythm/rs-plugin/assets/small_right.png]
[kirichik.com/rhythm/rs-plugin/assets/arrow_left.png]
[kirichik.com/rhythm/rs-plugin/assets/arrow_right.png]
[kirichik.com/rhythm/rs-plugin/assets/small_left_boxed.png]
[kirichik.com/rhythm/rs-plugin/assets/small_right_boxed.png]
[kirichik.com/rhythm/rs-plugin/assets/arrowleft.png]
[kirichik.com/rhythm/rs-plugin/assets/arrowright.png]
[kirichik.com/rhythm/rs-plugin/assets/arrow_left2.png]
[kirichik.com/rhythm/rs-plugin/assets/arrow_right2.png]
[kirichik.com/rhythm/rs-plugin/assets/timer.png]
[kirichik.com/rhythm/rs-plugin/assets/coloredbg.png]
[kirichik.com/rhythm/rs-plugin/assets/loader.gif]
[kirichik.com/rhythm/rs-plugin/font/revicons90c6.eot]
[kirichik.com/rhythm/rs-plugin/font/revicons90c6.woff]
[kirichik.com/rhythm/rs-plugin/font/revicons90c6.ttf]
[kirichik.com/rhythm/rs-plugin/css/settings.css]
[kirichik.com/rhythm/css/font/ytp-regular.eot]
[kirichik.com/rhythm/css/YTPlayer.css]
[kirichik.com/rhythm/special-product-designer-about.html]
[kirichik.com/rhythm/special-product-designer-contact.html]
[kirichik.com/rhythm/images/product-designer/1.jpg]
[kirichik.com/rhythm/images/product-designer/2.jpg]
[kirichik.com/rhythm/images/product-designer/3.jpg]
[kirichik.com/rhythm/images/product-designer/4.jpg]
[kirichik.com/rhythm/images/product-designer/5.jpg]
[kirichik.com/rhythm/images/product-designer/6.jpg]
[kirichik.com/rhythm/special-product-designer.html]
[kirichik.com/rhythm/images/cv-resume/image-1.jpg]
[kirichik.com/rhythm/images/cv-resume/section-bg-1.jpg]
[kirichik.com/rhythm/special-cv-resume.html]
[kirichik.com/rhythm/images/barbershop/section-bg-1.jpg]
[kirichik.com/rhythm/images/barbershop/section-bg-2.jpg]
[kirichik.com/rhythm/images/barbershop/section-bg-3.jpg]
[kirichik.com/rhythm/images/barbershop/section-bg-4.jpg]
[kirichik.com/rhythm/images/barbershop/image-1.png]
[kirichik.com/rhythm/special-barbershop-about.html]
[kirichik.com/rhythm/special-barbershop-pricing.html]
[kirichik.com/rhythm/special-barbershop-gallery.html]
[kirichik.com/rhythm/special-barbershop-contact.html]
[kirichik.com/rhythm/images/barbershop/split-section-1.jpg]
[kirichik.com/rhythm/images/photographer/signature.png]
[kirichik.com/rhythm/images/barbershop/split-section-2.jpg]
[kirichik.com/rhythm/images/barbershop/icon-1.png]
[kirichik.com/rhythm/images/barbershop/icon-2.png]
[kirichik.com/rhythm/images/barbershop/icon-3.png]
[kirichik.com/rhythm/images/barbershop/image-2.png]
[kirichik.com/rhythm/images/barbershop/gallery/1.jpg]
[kirichik.com/rhythm/images/barbershop/gallery/2.jpg]
[kirichik.com/rhythm/images/barbershop/gallery/3.jpg]
[kirichik.com/rhythm/images/barbershop/gallery/4.jpg]
[kirichik.com/rhythm/images/barbershop/gallery/5.jpg]
[kirichik.com/rhythm/images/barbershop/gallery/6.jpg]
[kirichik.com/rhythm/js/contact-reservations-form.js]
[kirichik.com/rhythm/special-barbershop.html]
[kirichik.com/rhythm/images/fashion/section-bg-2.jpg]
[kirichik.com/rhythm/images/fashion/summer.png]
[kirichik.com/rhythm/images/fashion/section-bg-3.jpg]
[kirichik.com/rhythm/images/fashion/autumn.png]
[kirichik.com/rhythm/images/fashion/section-bg-1.jpg]
[kirichik.com/rhythm/images/fashion/spring.png]
[kirichik.com/rhythm/images/fashion/image-1.jpg]
[kirichik.com/rhythm/images/fashion/image-2.jpg]
[kirichik.com/rhythm/images/fashion/image-3.jpg]
[kirichik.com/rhythm/images/fashion/image-4.jpg]
[kirichik.com/rhythm/images/fashion/image-5.jpg]
[kirichik.com/rhythm/images/fashion/image-6.jpg]
[kirichik.com/rhythm/special-fashion.html]
[kirichik.com/rhythm/images/finance/split-section-1.jpg]
[kirichik.com/rhythm/images/finance/icon-1.jpg]
[kirichik.com/rhythm/images/finance/icon-2.jpg]
[kirichik.com/rhythm/images/finance/icon-3.jpg]
[kirichik.com/rhythm/images/finance/section-bg-2.jpg]
[kirichik.com/rhythm/images/finance/works/1.jpg]
[kirichik.com/rhythm/images/finance/works/2.jpg]
[kirichik.com/rhythm/images/finance/works/3.jpg]
[kirichik.com/rhythm/special-finance-1.html]
[kirichik.com/rhythm/special-finance-2-about.html]
[kirichik.com/rhythm/special-finance-2-expertise.html]
[kirichik.com/rhythm/special-finance-2-portfolio.html]
[kirichik.com/rhythm/special-finance-2-qa.html]
[kirichik.com/rhythm/special-finance-2-contact.html]
[kirichik.com/rhythm/images/finance/image-1.png]
[kirichik.com/rhythm/specia-finance-2-portfolio.html]
[kirichik.com/rhythm/special-finance-2.html]
[kirichik.com/rhythm/special-restaurant-2-about.html]
[kirichik.com/rhythm/special-restaurant-2-menu.html]
[kirichik.com/rhythm/special-restaurant-2-gallery.html]
[kirichik.com/rhythm/special-restaurant-2-reservations.html]
[kirichik.com/rhythm/images/restaurant/gallery/1.jpg]
[kirichik.com/rhythm/images/restaurant/gallery/2.jpg]
[kirichik.com/rhythm/images/restaurant/gallery/4.jpg]
[kirichik.com/rhythm/images/restaurant/gallery/6.jpg]
[kirichik.com/rhythm/images/restaurant/gallery/10.jpg]
[kirichik.com/rhythm/images/restaurant/gallery/3.jpg]
[kirichik.com/rhythm/images/restaurant/section-bg-2.jpg]
[kirichik.com/rhythm/special-restaurant-2.html]
[kirichik.com/rhythm/images/restaurant/image-1.jpg]
[kirichik.com/rhythm/special-restaurant-1.html]
[kirichik.com/rhythm/js/jquery.downCount.js]
[kirichik.com/rhythm/special-coming-soon-1.html]
[kirichik.com/rhythm/images/coming-soon/fm-logo.png]
[kirichik.com/rhythm/special-coming-soon-2.html]
[kirichik.com/rhythm/images/construction/logo-construction.png]
[kirichik.com/rhythm/special-construction-1-about.html]
[kirichik.com/rhythm/special-construction-1-services.html]
[kirichik.com/rhythm/special-construction-1-services-single.html]
[kirichik.com/rhythm/special-construction-1-portfolio.html]
[kirichik.com/rhythm/special-construction-1-contact.html]
[kirichik.com/rhythm/images/construction/bg-3.jpg]
[kirichik.com/rhythm/images/construction/bg-1.jpg]
[kirichik.com/rhythm/images/construction/bg-2.jpg]
[kirichik.com/rhythm/images/construction/service-1.jpg]
[kirichik.com/rhythm/images/construction/service-2.jpg]
[kirichik.com/rhythm/images/construction/service-3.jpg]
[kirichik.com/rhythm/images/construction/icons/1.png]
[kirichik.com/rhythm/images/construction/icons/2.png]
[kirichik.com/rhythm/images/construction/icons/3.png]
[kirichik.com/rhythm/images/construction/icons/4.png]
[kirichik.com/rhythm/images/construction/works/1.jpg]
[kirichik.com/rhythm/images/construction/works/2.jpg]
[kirichik.com/rhythm/images/construction/works/3.jpg]
[kirichik.com/rhythm/images/construction/works/4.jpg]
[kirichik.com/rhythm/images/construction/works/5.jpg]
[kirichik.com/rhythm/images/construction/works/6.jpg]
[kirichik.com/rhythm/images/construction/promo-1.jpg]
[kirichik.com/rhythm/images/construction/bg-4.jpg]
[kirichik.com/rhythm/special-construction-1.html]
[kirichik.com/rhythm/special-construction-2-about.html]
[kirichik.com/rhythm/special-construction-2-services.html]
[kirichik.com/rhythm/special-construction-2-services-single.html]
[kirichik.com/rhythm/special-construction-2-portfolio.html]
[kirichik.com/rhythm/special-construction-2.html]
[kirichik.com/rhythm/special-construction-2-contact.html]
[kirichik.com/rhythm/special-construction-3-about.html]
[kirichik.com/rhythm/special-construction-3-services.html]
[kirichik.com/rhythm/special-construction-3-services-single.html]
[kirichik.com/rhythm/special-construction-3-portfolio.html]
[kirichik.com/rhythm/special-construction-3.html]
[kirichik.com/rhythm/special-construction-3-contact.html]
[kirichik.com/rhythm/images/photographer/photographer-2/sp-logo.png]
[kirichik.com/rhythm/special-photographer-2-about.html]
[kirichik.com/rhythm/special-photographer-2-portfolio.html]
[kirichik.com/rhythm/special-photographer-2-contact.html]
[kirichik.com/rhythm/images/photographer/photographer-2/photo-1.jpg]
[kirichik.com/rhythm/images/photographer/photographer-2/photo-2.jpg]
[kirichik.com/rhythm/images/photographer/photographer-2/photo-3.jpg]
[kirichik.com/rhythm/images/photographer/photographer-2/photo-4.jpg]
[kirichik.com/rhythm/images/photographer/photographer-2/photo-5.jpg]
[kirichik.com/rhythm/images/photographer/photographer-2/photo-6.jpg]
[kirichik.com/rhythm/images/photographer/photographer-2/photo-7.jpg]
[kirichik.com/rhythm/images/photographer/photographer-2/photo-8.jpg]
[kirichik.com/rhythm/images/photographer/photographer-2/photo-9.jpg]
[kirichik.com/rhythm/js/tiltfx.js]
[kirichik.com/rhythm/special-photographer-2.html]
[kirichik.com/rhythm/images/photographer/photographer-2/sp-logo-dark.png]
[kirichik.com/rhythm/special-photographer-3-about.html]
[kirichik.com/rhythm/special-photographer-3-portfolio.html]
[kirichik.com/rhythm/special-photographer-3.html]
[kirichik.com/rhythm/special-photographer-3-contact.html]
[kirichik.com/rhythm/images/photographer/fm-logo.png]
[kirichik.com/rhythm/special-photographer-1-about.html]
[kirichik.com/rhythm/special-photographer-1-portfolio.html]
[kirichik.com/rhythm/special-photographer-1-contact.html]
[kirichik.com/rhythm/images/photographer/photographer-9.jpg]
[kirichik.com/rhythm/images/photographer/photographer-1.jpg]
[kirichik.com/rhythm/images/photographer/photographer-2.jpg]
[kirichik.com/rhythm/images/photographer/photographer-3.jpg]
[kirichik.com/rhythm/images/photographer/photographer-4.jpg]
[kirichik.com/rhythm/images/photographer/photographer-5.jpg]
[kirichik.com/rhythm/images/photographer/photographer-6.jpg]
[kirichik.com/rhythm/images/photographer/photographer-7.jpg]
[kirichik.com/rhythm/images/photographer/photographer-8.jpg]
[kirichik.com/rhythm/images/photographer/photographer-9-thumb.jpg]
[kirichik.com/rhythm/images/photographer/photographer-1-thumb.jpg]
[kirichik.com/rhythm/images/photographer/photographer-2-thumb.jpg]
[kirichik.com/rhythm/images/photographer/photographer-3-thumb.jpg]
[kirichik.com/rhythm/images/photographer/photographer-4-thumb.jpg]
[kirichik.com/rhythm/images/photographer/photographer-5-thumb.jpg]
[kirichik.com/rhythm/images/photographer/photographer-6-thumb.jpg]
[kirichik.com/rhythm/images/photographer/photographer-7-thumb.jpg]
[kirichik.com/rhythm/images/photographer/photographer-8-thumb.jpg]
[kirichik.com/rhythm/images/photographer/previews/photographer-1-preview.jpg]
[kirichik.com/rhythm/images/photographer/previews/photographer-2-preview.jpg]
[kirichik.com/rhythm/images/photographer/previews/photographer-3-preview.jpg]
[kirichik.com/rhythm/images/photographer/previews/photographer-6-preview.jpg]
[kirichik.com/rhythm/special-photographer-1.html]
[kirichik.com/rhythm/images/landing/big-device-mockup.jpg]
[kirichik.com/rhythm/images/landing/feature-1.png]
[kirichik.com/rhythm/images/landing/feature-2.png]
[kirichik.com/rhythm/images/landing/feature-3.png]
[kirichik.com/rhythm/images/landing/screenshots/screenshot-1.jpg]
[kirichik.com/rhythm/images/landing/screenshots/screenshot-3.jpg]
[kirichik.com/rhythm/images/landing/screenshots/screenshot-2.jpg]
[kirichik.com/rhythm/images/landing/screenshots/screenshot-4.jpg]
[kirichik.com/rhythm/special-landing-1.html]
[kirichik.com/rhythm/images/landing/screenshots/screenshot-5.jpg]
[kirichik.com/rhythm/images/landing/screenshots/screenshot-6.jpg]
[kirichik.com/rhythm/special-landing-2.html]
[kirichik.com/rhythm/images/banners/banner-720x90.png]
[kirichik.com/rhythm/images/banners/banner-300x250.png]
[kirichik.com/rhythm/special-magazine-1.html]
[kirichik.com/rhythm/special-magazine-2.html]
[kirichik.com/rhythm/fonts/fontawesome-webfont78ce.svg]
[kirichik.com/rhythm/fonts/et-line.svg]
[kirichik.com/rhythm/rs-plugin/font/revicons90c6.svg]
[kirichik.com/rhythm/css/font/ytp-regular.html]
[kirichik.com/rhythm/images/product-designer/profile.jpg]
[kirichik.com/rhythm/special-product-designer-about.html]
[kirichik.com/rhythm/Facebook]
[kirichik.com/rhythm/Twitter]
[kirichik.com/rhythm/Linked In]
[kirichik.com/rhythm/special-product-designer-contact.html]
[kirichik.com/rhythm/images/barbershop/image-3.jpg]
[kirichik.com/rhythm/special-barbershop-about.html]
[kirichik.com/rhythm/special-barbershop-pricing.html]
[kirichik.com/rhythm/special-barbershop-2.html]
[kirichik.com/rhythm/special-barbershop-gallery.html]
[kirichik.com/rhythm/special-barbershop-contact.html]
[kirichik.com/rhythm/images/finance/section-bg-1.jpg]
[kirichik.com/rhythm/special-finance-2-about.html]
[kirichik.com/rhythm/special-finance-2-expertise.html]
[kirichik.com/rhythm/images/finance/works/4.jpg]
[kirichik.com/rhythm/images/finance/works/5.jpg]
[kirichik.com/rhythm/images/finance/works/6.jpg]
[kirichik.com/rhythm/special-finance-2-portfolio.html]
[kirichik.com/rhythm/special-finance-2-qa.html]
[kirichik.com/rhythm/special-finance-2-contact.html]
[kirichik.com/rhythm/specia-finance-2-portfolio.html]
[kirichik.com/rhythm/special-restaurant-2-about.html]
[kirichik.com/rhythm/special-restaurant-2-menu.html]
[kirichik.com/rhythm/special-restaurant-2-gallery.html]
[kirichik.com/rhythm/special-restaurant-2-location.html]
[kirichik.com/rhythm/special-restaurant-2-reservations.html]
[kirichik.com/rhythm/images/construction/team/1.jpg]
[kirichik.com/rhythm/images/construction/team/2.jpg]
[kirichik.com/rhythm/images/construction/team/3.jpg]
[kirichik.com/rhythm/special-construction-1-about.html]
[kirichik.com/rhythm/special-construction-1-services.html]
[kirichik.com/rhythm/special-construction-1-services-single.html]
[kirichik.com/rhythm/special-construction-1-portfolio.html]
[kirichik.com/rhythm/special-construction-1-contact.html]
[kirichik.com/rhythm/special-construction-2-about.html]
[kirichik.com/rhythm/special-construction-2-services.html]
[kirichik.com/rhythm/special-construction-2-services-single.html]
[kirichik.com/rhythm/special-construction-2-portfolio.html]
[kirichik.com/rhythm/special-construction-2-contact.html]
[kirichik.com/rhythm/special-construction-3-about.html]
[kirichik.com/rhythm/special-construction-3-services.html]
[kirichik.com/rhythm/special-construction-3-services-single.html]
[kirichik.com/rhythm/special-construction-3-portfolio.html]
[kirichik.com/rhythm/special-construction-3-contact.html]
[kirichik.com/rhythm/images/photographer/photographer-2/about-photo-1.jpg]
[kirichik.com/rhythm/images/photographer/photographer-2/about-photo-2.jpg]
[kirichik.com/rhythm/special-photographer-2-about.html]
[kirichik.com/rhythm/images/photographer/photographer-2/works/photo-1.jpg]
[kirichik.com/rhythm/images/photographer/photographer-2/works/photo-2.jpg]
[kirichik.com/rhythm/images/photographer/photographer-2/works/photo-3.jpg]
[kirichik.com/rhythm/images/photographer/photographer-2/works/photo-4.jpg]
[kirichik.com/rhythm/images/photographer/photographer-2/works/photo-5.jpg]
[kirichik.com/rhythm/images/photographer/photographer-2/works/photo-6.jpg]
[kirichik.com/rhythm/images/photographer/photographer-2/works/photo-7.jpg]
[kirichik.com/rhythm/images/photographer/photographer-2/works/photo-8.jpg]
[kirichik.com/rhythm/special-photographer-2-portfolio.html]
[kirichik.com/rhythm/images/photographer/photographer-2/works/photo-9.jpg]
[kirichik.com/rhythm/special-photographer-2-contact.html]
[kirichik.com/rhythm/special-photographer-3-about.html]
[kirichik.com/rhythm/special-photographer-3-portfolio.html]
[kirichik.com/rhythm/special-photographer-3-contact.html]
[kirichik.com/rhythm/special-photographer-1-about.html]
[kirichik.com/rhythm/images/photographer/photographer-10.jpg]
[kirichik.com/rhythm/images/photographer/previews/photographer-10-preview.jpg]
[kirichik.com/rhythm/images/photographer/previews/photographer-4-preview.jpg]
[kirichik.com/rhythm/images/photographer/previews/photographer-5-preview.jpg]
[kirichik.com/rhythm/images/photographer/previews/photographer-7-preview.jpg]
[kirichik.com/rhythm/images/photographer/previews/photographer-8-preview.jpg]
[kirichik.com/rhythm/images/photographer/previews/photographer-9-preview.jpg]
[kirichik.com/rhythm/special-photographer-1-portfolio.html]
[kirichik.com/rhythm/special-photographer-1-contact.html]
[kirichik.com/rhythm/Facebook.html]
[kirichik.com/rhythm/Twitter.html]
[kirichik.com/rhythm/Linked In.html]
[kirichik.com/rhythm/special-barbershop-2.html]
[kirichik.com/rhythm/special-restaurant-2-location.html]
